warning: unused variable: `inhibition_system`
   --> src\learning\homeostasis.rs:665:13
    |
665 |         let inhibition_system = Arc::new(CompetitiveInhibitionSystem::new(
    |             ^^^^^^^^^^^^^^^^^ help: if this is intentional, prefix it with an underscore: `_inhibition_system`
    |
    = note: `#[warn(unused_variables)]` on by default

warning: unused variable: `meta`
   --> src\core\graph\entity_operations.rs:433:14
    |
433 |         let (meta, data) = retrieved.unwrap();
    |              ^^^^ help: if this is intentional, prefix it with an underscore: `_meta`

warning: unused variable: `key`
   --> src\core\graph\entity_operations.rs:486:13
    |
486 |         let key = graph.insert_entity(42, entity_data.clone()).unwrap();
    |             ^^^ help: if this is intentional, prefix it with an underscore: `_key`

warning: unused variable: `i`
   --> src\core\graph\entity_operations.rs:839:14
    |
839 |         for (i, (id, original_data)) in entities.iter().enumerate() {
    |              ^ help: if this is intentional, prefix it with an underscore: `_i`

warning: unused variable: `original`
   --> src\core\entity_compat.rs:634:17
    |
634 |             let original = key.get_original_id();
    |                 ^^^^^^^^ help: if this is intentional, prefix it with an underscore: `_original`

warning: unused variable: `config`
   --> src\core\sdr_storage.rs:784:13
    |
784 |         let config = SDRConfig::default();
    |             ^^^^^^ help: if this is intentional, prefix it with an underscore: `_config`

warning: unused variable: `result`
   --> src\core\brain_enhanced_graph\brain_graph_core.rs:582:13
    |
582 |         let result = BrainEnhancedKnowledgeGraph::new(0);
    |             ^^^^^^ help: if this is intentional, prefix it with an underscore: `_result`

warning: unused variable: `result_large`
   --> src\core\brain_enhanced_graph\brain_graph_core.rs:587:13
    |
587 |         let result_large = BrainEnhancedKnowledgeGraph::new(usize::MAX);
    |             ^^^^^^^^^^^^ help: if this is intentional, prefix it with an underscore: `_result_large`

warning: unused variable: `expected_active_bits`
   --> src\core\brain_enhanced_graph\brain_graph_core.rs:616:13
    |
616 |         let expected_active_bits = expected_total_bits / 50;
    |             ^^^^^^^^^^^^^^^^^^^^ help: if this is intentional, prefix it with an underscore: `_expected_active_bits`

warning: unused variable: `capacity`
    --> src\core\brain_enhanced_graph\brain_graph_core.rs:1019:20
     |
1019 |         let (size, capacity) = brain_graph.get_cache_stats().await;
     |                    ^^^^^^^^ help: if this is intentional, prefix it with an underscore: `_capacity`

warning: unused variable: `step`
    --> src\core\brain_enhanced_graph\brain_graph_core.rs:1167:13
     |
1167 |         for step in 1..5 {
     |             ^^^^ help: if this is intentional, prefix it with an underscore: `_step`

warning: unused variable: `initial_stats`
    --> src\core\brain_enhanced_graph\brain_entity_manager.rs:1042:17
     |
1042 |             let initial_stats = graph.get_learning_stats().await;
     |                 ^^^^^^^^^^^^^ help: if this is intentional, prefix it with an underscore: `_initial_stats`

warning: unused variable: `initial_activation`
    --> src\core\brain_enhanced_graph\brain_entity_manager.rs:1393:34
     |
1393 |             let (retrieved_data, initial_activation) = retrieved.unwrap();
     |                                  ^^^^^^^^^^^^^^^^^^ help: if this is intentional, prefix it with an underscore: `_initial_activation`

warning: unused variable: `entity`
   --> src\core\brain_enhanced_graph\brain_analytics.rs:766:13
    |
766 |         let entity = graph.core_graph.add_entity(EntityData::new(1, "single".to_string(), vec![0.0; 64])).unwrap();
    |             ^^^^^^ help: if this is intentional, prefix it with an underscore: `_entity`

warning: unused variable: `entity`
   --> src\core\brain_enhanced_graph\brain_analytics.rs:796:13
    |
796 |         let entity = graph.core_graph.add_entity(EntityData::new(1, "single".to_string(), vec![0.0; 64])).unwrap();
    |             ^^^^^^ help: if this is intentional, prefix it with an underscore: `_entity`

warning: unused variable: `quantizer`
   --> src\core\parallel.rs:418:13
    |
418 |         let quantizer = MockQuantizer;
    |             ^^^^^^^^^ help: if this is intentional, prefix it with an underscore: `_quantizer`

warning: unused variable: `temporal_entities`
   --> src\core\phase1_integration.rs:751:13
    |
751 |         let temporal_entities = result.unwrap();
    |             ^^^^^^^^^^^^^^^^^ help: if this is intentional, prefix it with an underscore: `_temporal_entities`

warning: unused variable: `map`
    --> src\cognitive\divergent.rs:1291:13
     |
1291 |         let map = exploration_map.unwrap();
     |             ^^^ help: if this is intentional, prefix it with an underscore: `_map`

warning: unused variable: `found_paths`
    --> src\cognitive\divergent.rs:1316:13
     |
1316 |         let found_paths = paths.unwrap();
     |             ^^^^^^^^^^^ help: if this is intentional, prefix it with an underscore: `_found_paths`

warning: unused variable: `high_quality_abstractions`
   --> src\cognitive\abstract_pattern.rs:900:13
    |
900 |         let high_quality_abstractions: Vec<_> = abstractions.iter()
    |             ^^^^^^^^^^^^^^^^^^^^^^^^^ help: if this is intentional, prefix it with an underscore: `_high_quality_abstractions`

warning: unused variable: `result`
   --> src\cognitive\inhibitory\competition.rs:502:13
    |
502 |         let result = apply_semantic_competition(&mut pattern, &group, &config).await.unwrap();
    |             ^^^^^^ help: if this is intentional, prefix it with an underscore: `_result`

warning: unused variable: `entities`
   --> src\cognitive\inhibitory\hierarchical.rs:264:23
    |
264 |         let (pattern, entities) = create_test_pattern_with_strengths(vec![0.9, 0.6, 0.3, 0.8]);
    |                       ^^^^^^^^ help: if this is intentional, prefix it with an underscore: `_entities`

warning: unused variable: `entities`
   --> src\cognitive\inhibitory\hierarchical.rs:298:23
    |
298 |         let (pattern, entities) = create_test_pattern_with_strengths(vec![0.9, 0.6, 0.3]);
    |                       ^^^^^^^^ help: if this is intentional, prefix it with an underscore: `_entities`

warning: unused variable: `entities`
   --> src\cognitive\inhibitory\hierarchical.rs:314:23
    |
314 |         let (pattern, entities) = create_test_pattern_with_strengths(vec![0.9, 0.8, 0.7]);
    |                       ^^^^^^^^ help: if this is intentional, prefix it with an underscore: `_entities`

warning: unused variable: `entities`
   --> src\cognitive\inhibitory\hierarchical.rs:333:27
    |
333 |         let (mut pattern, entities) = create_test_pattern_with_strengths(vec![0.9, 0.6, 0.3]);
    |                           ^^^^^^^^ help: if this is intentional, prefix it with an underscore: `_entities`

warning: unused variable: `initial_learning_rate`
    --> src\learning\hebbian.rs:1168:13
     |
1168 |         let initial_learning_rate = engine.learning_rate;
     |             ^^^^^^^^^^^^^^^^^^^^^ help: if this is intentional, prefix it with an underscore: `_initial_learning_rate`

warning: unused variable: `initial_decay_constant`
    --> src\learning\hebbian.rs:1169:13
     |
1169 |         let initial_decay_constant = engine.decay_constant;
     |             ^^^^^^^^^^^^^^^^^^^^^^ help: if this is intentional, prefix it with an underscore: `_initial_decay_constant`

warning: unused variable: `algorithm_type`
    --> src\learning\meta_learning.rs:1258:17
     |
1258 |             let algorithm_type = algorithm.get_algorithm_type();
     |                 ^^^^^^^^^^^^^^ help: if this is intentional, prefix it with an underscore: `_algorithm_type`

warning: comparison is useless due to type limits
   --> src\core\entity.rs:169:17
    |
169 |         assert!(store.memory_usage() >= 0);
    |                 ^^^^^^^^^^^^^^^^^^^^^^^^^
    |
    = note: `#[warn(unused_comparisons)]` on by default

warning: comparison is useless due to type limits
    --> src\core\brain_enhanced_graph\brain_graph_core.rs:1008:17
     |
1008 |         assert!(memory_usage.sdr_storage_bytes >= 0);
     |                 ^^^^^^^^^^^^^^^^^^^^^^^^^^^^^^^^^^^

warning: comparison is useless due to type limits
   --> src\core\brain_enhanced_graph\brain_query_engine.rs:521:17
    |
521 |         assert!(brain_result.query_time.as_millis() >= 0);
    |                 ^^^^^^^^^^^^^^^^^^^^^^^^^^^^^^^^^^^^^^^^

warning: comparison is useless due to type limits
   --> src\core\brain_enhanced_graph\brain_query_engine.rs:747:17
    |
747 |         assert!(brain_result.query_time.as_millis() >= 0);
    |                 ^^^^^^^^^^^^^^^^^^^^^^^^^^^^^^^^^^^^^^^^

warning: comparison is useless due to type limits
   --> src\core\brain_enhanced_graph\brain_query_engine.rs:782:17
    |
782 |         assert!(brain_result.query_time.as_millis() >= 0);
    |                 ^^^^^^^^^^^^^^^^^^^^^^^^^^^^^^^^^^^^^^^^

warning: comparison is useless due to type limits
   --> src\core\brain_enhanced_graph\brain_query_engine.rs:795:17
    |
795 |         assert!(brain_result.query_time.as_millis() >= 0);
    |                 ^^^^^^^^^^^^^^^^^^^^^^^^^^^^^^^^^^^^^^^^

warning: comparison is useless due to type limits
   --> src\core\brain_enhanced_graph\brain_query_engine.rs:834:17
    |
834 |         assert!(brain_result.query_time.as_millis() >= 0);
    |                 ^^^^^^^^^^^^^^^^^^^^^^^^^^^^^^^^^^^^^^^^

warning: comparison is useless due to type limits
   --> src\core\brain_enhanced_graph\brain_query_engine.rs:846:21
    |
846 |             assert!(brain_result.query_time.as_millis() >= 0);
    |                     ^^^^^^^^^^^^^^^^^^^^^^^^^^^^^^^^^^^^^^^^

warning: comparison is useless due to type limits
   --> src\core\memory.rs:210:17
    |
210 |         assert!(arena.capacity() >= 0);
    |                 ^^^^^^^^^^^^^^^^^^^^^

warning: comparison is useless due to type limits
   --> src\core\memory.rs:295:17
    |
295 |         assert!(initial_memory >= 0);
    |                 ^^^^^^^^^^^^^^^^^^^

warning: comparison is useless due to type limits
   --> src\core\knowledge_engine.rs:680:17
    |
680 |         assert!(knowledge_result.query_time_ms >= 0);
    |                 ^^^^^^^^^^^^^^^^^^^^^^^^^^^^^^^^^^^

warning: comparison is useless due to type limits
   --> src\core\knowledge_engine.rs:860:17
    |
860 |         assert!(knowledge_result.query_time_ms >= 0);
    |                 ^^^^^^^^^^^^^^^^^^^^^^^^^^^^^^^^^^^

warning: comparison is useless due to type limits
   --> src\core\knowledge_engine.rs:878:17
    |
878 |         assert!(knowledge_result.query_time_ms >= 0);
    |                 ^^^^^^^^^^^^^^^^^^^^^^^^^^^^^^^^^^^

warning: comparison is useless due to type limits
   --> src\core\phase1_integration.rs:530:17
    |
530 |         assert!(queue_size >= 0);
    |                 ^^^^^^^^^^^^^^^

warning: comparison is useless due to type limits
   --> src\cognitive\abstract_pattern.rs:854:17
    |
854 |         assert!(result.patterns_found.len() >= 0, "Should have detected patterns (or none if empty graph)");
    |                 ^^^^^^^^^^^^^^^^^^^^^^^^^^^^^^^^

warning: comparison is useless due to type limits
   --> src\cognitive\abstract_pattern.rs:855:17
    |
855 |         assert!(result.abstractions.len() >= 0, "Should have abstraction candidates");
    |                 ^^^^^^^^^^^^^^^^^^^^^^^^^^^^^^

warning: comparison is useless due to type limits
   --> src\cognitive\abstract_pattern.rs:856:17
    |
856 |         assert!(result.refactoring_opportunities.len() >= 0, "Should have refactoring opportunities");
    |                 ^^^^^^^^^^^^^^^^^^^^^^^^^^^^^^^^^^^^^^^^^^^

warning: comparison is useless due to type limits
    --> src\cognitive\abstract_pattern.rs:1328:17
     |
1328 |         assert!(patterns.hotspot_entities.len() >= 0, "Hotspot entities should be a valid list");
     |                 ^^^^^^^^^^^^^^^^^^^^^^^^^^^^^^^^^^^^

warning: comparison is useless due to type limits
    --> src\cognitive\abstract_pattern.rs:1329:17
     |
1329 |         assert!(patterns.activation_frequency.len() >= 0, "Activation frequency should be a valid map");
     |                 ^^^^^^^^^^^^^^^^^^^^^^^^^^^^^^^^^^^^^^^^

warning: comparison is useless due to type limits
    --> src\cognitive\abstract_pattern.rs:1330:17
     |
1330 |         assert!(patterns.temporal_patterns.len() >= 0, "Temporal patterns should be a valid list");
     |                 ^^^^^^^^^^^^^^^^^^^^^^^^^^^^^^^^^^^^^

warning: comparison is useless due to type limits
   --> src\cognitive\neural_bridge_finder.rs:479:17
    |
479 |         assert!(entities.len() >= 0, "Should return a valid vector");
    |                 ^^^^^^^^^^^^^^^^^^^

warning: comparison is useless due to type limits
   --> src\cognitive\neural_bridge_finder.rs:492:17
    |
492 |         assert!(paths.len() >= 0, "Should return a valid vector of paths");
    |                 ^^^^^^^^^^^^^^^^

warning: comparison is useless due to type limits
   --> src\cognitive\neural_bridge_finder.rs:496:17
    |
496 |         assert!(same_paths.len() >= 0, "Should handle same start and end entities");
    |                 ^^^^^^^^^^^^^^^^^^^^^

warning: comparison is useless due to type limits
   --> src\cognitive\neural_bridge_finder.rs:527:17
    |
527 |         assert!(bridges.len() >= 0, "Should return a valid vector of bridges");
    |                 ^^^^^^^^^^^^^^^^^^

warning: comparison is useless due to type limits
   --> src\cognitive\neural_bridge_finder.rs:531:17
    |
531 |         assert!(same_bridges.len() >= 0, "Should handle same concepts");
    |                 ^^^^^^^^^^^^^^^^^^^^^^^

warning: comparison is useless due to type limits
   --> src\cognitive\inhibitory\exceptions.rs:329:17
    |
329 |         assert!(result.unresolved_conflicts.len() >= 0);
    |                 ^^^^^^^^^^^^^^^^^^^^^^^^^^^^^^^^^^^^^^

warning: comparison is useless due to type limits
   --> src\cognitive\inhibitory\exceptions.rs:341:17
    |
341 |         assert!(exceptions.len() >= 0);
    |                 ^^^^^^^^^^^^^^^^^^^^^

warning: comparison is useless due to type limits
   --> src\cognitive\inhibitory\exceptions.rs:353:17
    |
353 |         assert!(exceptions.len() >= 0);
    |                 ^^^^^^^^^^^^^^^^^^^^^

warning: comparison is useless due to type limits
   --> src\cognitive\memory_integration\system.rs:750:17
    |
750 |         assert!(links.len() >= 0);
    |                 ^^^^^^^^^^^^^^^^

warning: comparison is useless due to type limits
    --> src\cognitive\phase3_integration.rs:1348:17
     |
1348 |         assert!(pattern_result.response.len() >= 0); // More flexible check
     |                 ^^^^^^^^^^^^^^^^^^^^^^^^^^^^^^^^^^

warning: comparison is useless due to type limits
    --> src\learning\hebbian.rs:1102:17
     |
1102 |         assert!(decay_result.len() >= 0, "Temporal decay should return pruning information");
     |                 ^^^^^^^^^^^^^^^^^^^^^^^

warning: unused return value of `clone` that must be used
   --> src\learning\homeostasis.rs:875:13
    |
875 |             excessive_events.clone();
    |             ^^^^^^^^^^^^^^^^^^^^^^^^
    |
    = note: cloning is often expensive and is not expected to have side effects
    = note: `#[warn(unused_must_use)]` on by default
help: use `let _ = ...` to ignore the resulting value
    |
875 |             let _ = excessive_events.clone();
    |             +++++++

warning: comparison is useless due to type limits
   --> src\learning\neural_pattern_detection.rs:934:17
    |
934 |         assert!(patterns.len() >= 0, "Should return activation patterns");
    |                 ^^^^^^^^^^^^^^^^^^^

warning: comparison is useless due to type limits
   --> src\learning\neural_pattern_detection.rs:953:17
    |
953 |         assert!(patterns.len() >= 0, "Should return frequency patterns");
    |                 ^^^^^^^^^^^^^^^^^^^

warning: comparison is useless due to type limits
   --> src\learning\neural_pattern_detection.rs:976:17
    |
976 |         assert!(patterns.len() >= 0, "Should return synchrony patterns");
    |                 ^^^^^^^^^^^^^^^^^^^

warning: comparison is useless due to type limits
    --> src\learning\neural_pattern_detection.rs:1002:17
     |
1002 |         assert!(patterns.len() >= 0, "Should return oscillatory patterns");
     |                 ^^^^^^^^^^^^^^^^^^^

warning: comparison is useless due to type limits
    --> src\learning\neural_pattern_detection.rs:1024:17
     |
1024 |         assert!(patterns.len() >= 0, "Should return detected patterns");
     |                 ^^^^^^^^^^^^^^^^^^^

warning: comparison is useless due to type limits
    --> src\learning\neural_pattern_detection.rs:1112:17
     |
1112 |         assert!(patterns.len() >= 0, "Should return activation patterns");
     |                 ^^^^^^^^^^^^^^^^^^^

warning: `llmkg` (lib test) generated 66 warnings
    Finished `test` profile [optimized + debuginfo] target(s) in 0.36s
     Running unittests src\lib.rs (target\debug\deps\llmkg-9a41daaf8719fb54.exe)

running 1372 tests
test api::tests::test_get_metrics_endpoint ... FAILED
test api::tests::test_query_triples_endpoint ... FAILED
test api::tests::test_semantic_search_endpoint ... FAILED
test api::tests::test_store_triple_endpoint ... FAILED
test cognitive::abstract_pattern::tests::test_analyze_activation_patterns ... ok
test cognitive::abstract_pattern::tests::test_analyze_entity_distribution ... ok
test cognitive::abstract_pattern::tests::test_analyze_relationship_patterns ... ok
test cognitive::abstract_pattern::tests::test_analyze_structural_patterns ... ok
test cognitive::abstract_pattern::tests::test_calculate_distribution_entropy ... ok
test cognitive::abstract_pattern::tests::test_calculate_structural_complexity ... ok
test cognitive::abstract_pattern::tests::test_combine_related_abstractions ... ok
test cognitive::abstract_pattern::tests::test_detect_structural_patterns ... ok
test cognitive::abstract_pattern::tests::test_determine_abstraction_type ... ok
test cognitive::abstract_pattern::tests::test_estimate_complexity_reduction ... ok
test cognitive::abstract_pattern::tests::test_estimate_efficiency_gains ... ok
test cognitive::abstract_pattern::tests::test_estimate_implementation_effort ... ok
test cognitive::abstract_pattern::tests::test_execute_pattern_analysis ... ok
test cognitive::abstract_pattern::tests::test_identify_abstractions ... ok
test cognitive::abstract_pattern::tests::test_identify_performance_optimizations ... ok
test cognitive::abstract_pattern::tests::test_neural_pattern_detection ... ok
test cognitive::abstract_pattern::tests::test_suggest_refactoring_opportunities ... ok
test cognitive::attention_manager::tests::test_attention_focus_methods ... ok
test cognitive::attention_manager::tests::test_attention_state_cognitive_load_updates ... ok
test cognitive::attention_manager::tests::test_calculate_attention_weights_alternating ... ok
test cognitive::attention_manager::tests::test_calculate_attention_weights_divided ... ok
test cognitive::attention_manager::tests::test_calculate_attention_weights_executive ... ok
test cognitive::attention_manager::tests::test_calculate_attention_weights_selective ... ok
test cognitive::attention_manager::tests::test_calculate_attention_weights_sustained ... ok
test cognitive::attention_manager::tests::test_calculate_memory_load_private ... ok
test cognitive::convergent::tests::test_calculate_concept_relevance ... ok
test cognitive::convergent::tests::test_calculate_concept_relevance_hierarchical ... FAILED
test cognitive::convergent::tests::test_calculate_concept_relevance_semantic ... FAILED
test cognitive::convergent::tests::test_extract_target_concept_basic ... FAILED
test cognitive::convergent::tests::test_extract_target_concept_edge_cases ... ok
test cognitive::convergent::tests::test_focused_propagation ... ok
test cognitive::convergent::tests::test_levenshtein_distance ... ok
test cognitive::convergent::tests::test_stop_words ... ok
test cognitive::critical::critical_thinking_unit_tests::test_apply_inhibitory_logic_direct_conflict ... ok
test cognitive::critical::critical_thinking_unit_tests::test_are_contradictory_confidence_based ... ok
test cognitive::critical::critical_thinking_unit_tests::test_are_contradictory_numeric_values ... ok
test cognitive::critical::critical_thinking_unit_tests::test_are_contradictory_temperature ... ok
test cognitive::critical::critical_thinking_unit_tests::test_calculate_source_reliability ... ok
test cognitive::critical::critical_thinking_unit_tests::test_generate_query_embedding ... ok
test cognitive::critical::critical_thinking_unit_tests::test_identify_contradictions_direct_conflict ... ok
test cognitive::critical::critical_thinking_unit_tests::test_identify_contradictions_no_conflicts ... ok
test cognitive::critical::critical_thinking_unit_tests::test_identify_contradictions_temperature_conflict ... ok
test cognitive::critical::critical_thinking_unit_tests::test_is_stop_word ... ok
test cognitive::critical::critical_thinking_unit_tests::test_resolve_exceptions_empty_resolution ... ok
test cognitive::critical::critical_thinking_unit_tests::test_validate_information_sources_basic ... ok
test cognitive::critical::critical_thinking_unit_tests::test_validate_information_sources_rigorous ... ok
test cognitive::divergent::tests::test_calculate_concept_similarity ... ok
test cognitive::divergent::tests::test_exploration_type_inference ... ok
test cognitive::divergent::tests::test_neural_path_exploration ... ok
test cognitive::divergent::tests::test_rank_by_creativity ... FAILED
test cognitive::divergent::tests::test_seed_concept_extraction ... ok
test cognitive::divergent::tests::test_seed_concept_extraction_edge_cases ... ok
test cognitive::divergent::tests::test_spread_activation ... ok
test cognitive::inhibitory::competition::tests::test_apply_causal_competition ... ok
test cognitive::inhibitory::competition::tests::test_apply_contextual_competition ... ok
test cognitive::inhibitory::competition::tests::test_apply_hierarchical_competition ... ok
test cognitive::inhibitory::competition::tests::test_apply_semantic_competition_empty_activations ... ok
test cognitive::inhibitory::competition::tests::test_apply_semantic_competition_soft_competition ... ok
test cognitive::inhibitory::competition::tests::test_apply_semantic_competition_winner_takes_all ... ok
test cognitive::inhibitory::competition::tests::test_apply_soft_competition ... FAILED
test cognitive::inhibitory::competition::tests::test_apply_soft_competition_equal_strengths ... ok
test cognitive::inhibitory::competition::tests::test_apply_spatial_competition ... ok
test cognitive::inhibitory::competition::tests::test_apply_temporal_competition ... ok
test cognitive::inhibitory::competition::tests::test_competition_intensity_calculation ... ok
test cognitive::inhibitory::competition::tests::test_winner_takes_all_below_threshold ... ok
test cognitive::inhibitory::competition::tests::test_winner_takes_all_threshold ... ok
test cognitive::inhibitory::exceptions::tests::test_apply_resolution_resource_allocation ... ok
test cognitive::inhibitory::exceptions::tests::test_apply_resolution_suppression ... ok
test cognitive::inhibitory::exceptions::tests::test_apply_resolution_temporal_sequencing ... ok
test cognitive::inhibitory::exceptions::tests::test_detect_hierarchical_inconsistencies ... ok
test cognitive::inhibitory::exceptions::tests::test_detect_mutual_exclusions ... ok
test cognitive::inhibitory::exceptions::tests::test_detect_resource_contentions ... FAILED
test cognitive::inhibitory::exceptions::tests::test_detect_resource_contentions_no_contention ... ok
test cognitive::inhibitory::exceptions::tests::test_detect_temporal_conflicts ... ok
test cognitive::inhibitory::exceptions::tests::test_handle_inhibition_exceptions_full_flow ... ok
test cognitive::inhibitory::exceptions::tests::test_handle_inhibition_exceptions_no_exceptions ... ok
test cognitive::inhibitory::exceptions::tests::test_identify_unresolved_conflicts_all_resolved ... ok
test cognitive::inhibitory::exceptions::tests::test_identify_unresolved_conflicts_some_unresolved ... ok
test cognitive::inhibitory::exceptions::tests::test_resolve_hierarchical_inconsistency ... ok
test cognitive::inhibitory::exceptions::tests::test_resolve_mutual_exclusion ... ok
test cognitive::inhibitory::exceptions::tests::test_resolve_resource_contention ... ok
test cognitive::inhibitory::exceptions::tests::test_resolve_temporal_conflict ... ok
test cognitive::inhibitory::hierarchical::tests::test_apply_hierarchical_inhibition_full_flow ... ok
test cognitive::inhibitory::hierarchical::tests::test_apply_top_down_inhibition ... ok
test cognitive::inhibitory::hierarchical::tests::test_apply_within_layer_inhibition ... ok
test cognitive::inhibitory::hierarchical::tests::test_assign_abstraction_levels ... ok
test cognitive::inhibitory::hierarchical::tests::test_create_hierarchical_layers ... ok
test cognitive::inhibitory::hierarchical::tests::test_empty_pattern_hierarchical_inhibition ... ok
test cognitive::inhibitory::hierarchical::tests::test_hierarchical_inhibition_with_custom_matrix ... ok
test cognitive::inhibitory::hierarchical::tests::test_identify_generality_suppressed ... ok
test cognitive::inhibitory::hierarchical::tests::test_identify_specificity_winners ... ok
test cognitive::inhibitory::hierarchical::tests::test_single_entity_hierarchical_inhibition ... ok
test cognitive::inhibitory::hierarchical::tests::test_update_pattern_from_layers ... ok
test cognitive::inhibitory::learning::tests::test_apply_adaptive_learning ... ok
test cognitive::inhibitory::learning::tests::test_apply_learning_mechanisms_disabled ... FAILED
test cognitive::inhibitory::learning::tests::test_apply_learning_mechanisms_enabled ... ok
test cognitive::inhibitory::learning::tests::test_calculate_learning_confidence ... ok
test cognitive::inhibitory::learning::tests::test_calculate_performance_metrics ... FAILED
test cognitive::inhibitory::learning::tests::test_calculate_performance_metrics_empty_results ... ok
test cognitive::inhibitory::learning::tests::test_calculate_variance ... ok
test cognitive::inhibitory::learning::tests::test_generate_adaptation_suggestions ... ok
test cognitive::inhibitory::learning::tests::test_learn_competition_group_optimization_aggressive ... FAILED
test cognitive::inhibitory::learning::tests::test_learn_competition_group_optimization_moderate ... ok
test cognitive::inhibitory::learning::tests::test_learn_inhibition_strength_adjustment_balanced ... FAILED
test cognitive::inhibitory::learning::tests::test_learn_inhibition_strength_adjustment_strong_competition ... ok
test cognitive::inhibitory::learning::tests::test_learn_inhibition_strength_adjustment_weak_competition ... ok
test cognitive::inhibitory::learning::tests::test_learn_temporal_dynamics_optimization_high_variance ... FAILED
test cognitive::inhibitory::learning::tests::test_learn_temporal_dynamics_optimization_insufficient_history ... ok
test cognitive::inhibitory::tests::test_add_competition_group ... ok
test cognitive::inhibitory::tests::test_apply_competitive_inhibition ... ok
test cognitive::inhibitory::tests::test_apply_competitive_inhibition_with_group ... FAILED
test cognitive::inhibitory::tests::test_check_learning_status ... ok
test cognitive::inhibitory::tests::test_create_learned_competition_groups ... FAILED
test cognitive::inhibitory::tests::test_system_creation ... ok
test cognitive::inhibitory::tests::test_update_competition_strength ... ok
test cognitive::inhibitory::tests::test_update_competition_strength_creates_group ... ok
test cognitive::inhibitory::tests::test_would_compete_with_groups ... ok
test cognitive::inhibitory::tests::test_would_compete_with_matrix ... ok
test cognitive::lateral::tests::test_analyze_novelty ... ok
test cognitive::lateral::tests::test_calculate_concept_relevance ... ok
test cognitive::lateral::tests::test_clean_concept ... ok
test cognitive::lateral::tests::test_concept_relevance_word_overlap ... ok
test cognitive::lateral::tests::test_generate_bridge_explanation ... ok
test cognitive::lateral::tests::test_is_stop_word ... ok
test cognitive::memory_integration::system::tests::test_apply_optimizations_all_types ... ok
test cognitive::memory_integration::system::tests::test_backend_selection_logic ... ok
test cognitive::memory_integration::system::tests::test_consolidation_coordination_private_methods ... FAILED
test cognitive::memory_integration::system::tests::test_cross_memory_coordination_helper_methods ... ok
test cognitive::memory_integration::system::tests::test_cross_system_integration_setup ... ok
test cognitive::memory_integration::system::tests::test_identify_optimization_opportunities_high_memory_usage ... ok
test cognitive::memory_integration::system::tests::test_identify_optimization_opportunities_low_cross_memory_access ... ok
test cognitive::memory_integration::system::tests::test_identify_optimization_opportunities_low_success_rate ... ok
test cognitive::memory_integration::system::tests::test_identify_optimization_opportunities_slow_retrieval ... ok
test cognitive::memory_integration::system::tests::test_memory_coordination_with_statistics ... ok
test cognitive::memory_integration::system::tests::test_memory_statistics_tracking_during_operations ... ok
test cognitive::memory_integration::system::tests::test_memory_system_configuration ... ok
test cognitive::memory_integration::system::tests::test_memory_system_update_config ... ok
test cognitive::memory_integration::system::tests::test_performance_analysis_bottleneck_detection ... ok
test cognitive::memory_integration::system::tests::test_retrieval_coordination_private_logic ... ok
test cognitive::neural_bridge_finder::tests::test_calculate_concept_similarity ... ok
test cognitive::neural_bridge_finder::tests::test_calculate_path_novelty ... FAILED
test cognitive::neural_bridge_finder::tests::test_calculate_path_plausibility ... FAILED
test cognitive::neural_bridge_finder::tests::test_evaluate_bridge_creativity ... ok
test cognitive::neural_bridge_finder::tests::test_find_concept_entities ... ok
test cognitive::neural_bridge_finder::tests::test_find_creative_bridges_with_length ... ok
test cognitive::neural_bridge_finder::tests::test_generate_bridge_explanation ... ok
test cognitive::neural_bridge_finder::tests::test_levenshtein_distance ... ok
test cognitive::neural_bridge_finder::tests::test_neural_pathfinding_with_length ... ok
test cognitive::neural_query::tests::test_concept_extraction ... ok
test cognitive::neural_query::tests::test_constraint_extraction ... FAILED
test cognitive::neural_query::tests::test_domain_inference ... FAILED
test cognitive::neural_query::tests::test_find_potential_entities ... ok
test cognitive::neural_query::tests::test_identify_query_intent ... FAILED
test cognitive::neural_query::tests::test_is_multi_hop_query ... ok
test cognitive::neural_query::tests::test_relationship_extraction ... FAILED
test cognitive::neural_query::tests::test_tokenize_query ... FAILED
test cognitive::orchestrator::tests::test_calculate_pattern_weight ... ok
test cognitive::phase3_integration::tests::test_apply_initial_inhibition ... ok
test cognitive::phase3_integration::tests::test_choose_adaptive_pattern ... ok
test cognitive::phase3_integration::tests::test_consolidate_reasoning_memory ... ok
test cognitive::phase3_integration::tests::test_execute_parallel_patterns ... FAILED
test cognitive::phase3_integration::tests::test_execute_sequential_patterns ... FAILED
test cognitive::phase3_integration::tests::test_execute_single_pattern_convergent ... FAILED
test cognitive::phase3_integration::tests::test_execute_single_pattern_critical ... ok
test cognitive::phase3_integration::tests::test_execute_single_pattern_divergent ... FAILED
test cognitive::phase3_integration::tests::test_initialize_working_memory ... ok
test cognitive::phase3_integration::tests::test_optimize_system_performance ... ok
test cognitive::phase3_integration::tests::test_pattern_integration_modes ... FAILED
test cognitive::phase3_integration::tests::test_performance_data_collection ... ok
test cognitive::phase3_integration::tests::test_phase3_integration_config_default ... ok
test cognitive::phase3_integration::tests::test_reasoning_trace_new ... ok
test cognitive::phase3_integration::tests::test_setup_attention_focus ... ok
test cognitive::phase3_integration::tests::test_should_optimize ... ok
test cognitive::phase3_integration::tests::test_system_backward_compatibility ... ok
test cognitive::phase3_integration::tests::test_system_diagnostics_methods ... ok
test cognitive::phase3_integration::tests::test_system_performance_metrics_new ... ok
test cognitive::phase3_integration::tests::test_system_performance_metrics_pattern_stats ... FAILED
test cognitive::phase3_integration::tests::test_system_performance_metrics_update_query_stats ... ok
test cognitive::phase3_integration::tests::test_system_state_changes_new ... ok
test cognitive::phase3_integration::tests::test_system_state_new ... ok
test cognitive::phase3_integration::tests::test_system_state_should_optimize ... ok
test cognitive::phase3_integration::tests::test_system_state_update_performance ... ok
test cognitive::systems::tests::test_calculate_complexity ... ok
test cognitive::systems::tests::test_calculate_confidence ... ok
test cognitive::systems::tests::test_create_additional_metadata ... ok
test cognitive::systems::tests::test_create_reasoning_trace ... ok
test cognitive::systems::tests::test_format_systems_answer ... ok
test cognitive::systems::tests::test_generate_basic_attributes ... ok
test cognitive::systems::tests::test_identify_hierarchy_root ... ok
test cognitive::systems::tests::test_infer_reasoning_type ... ok
test cognitive::systems::tests::test_is_generic_word ... ok
test cognitive::systems::tests::test_is_stop_word ... ok
test cognitive::systems::tests::test_resolve_attribute_inheritance ... ok
test cognitive::systems::tests::test_select_best_parent ... ok
test cognitive::working_memory::tests::test_apply_attention_aware_forgetting ... ok
test cognitive::working_memory::tests::test_apply_attention_filtering ... ok
test cognitive::working_memory::tests::test_apply_decay_to_buffers ... ok
test cognitive::working_memory::tests::test_apply_forgetting_strategy ... ok
test cognitive::working_memory::tests::test_buffer_state_calculation ... FAILED
test cognitive::working_memory::tests::test_calculate_recency_bonus ... ok
test cognitive::working_memory::tests::test_calculate_relevance ... ok
test cognitive::working_memory::tests::test_calculate_retrieval_confidence ... ok
test cognitive::working_memory::tests::test_calculate_string_similarity ... ok
test cognitive::working_memory::tests::test_calculate_temporal_decay ... ok
test cognitive::working_memory::tests::test_central_executive_operations ... ok
test cognitive::working_memory::tests::test_forgetting_curve_types ... ok
test cognitive::working_memory::tests::test_get_capacity_for_buffer ... ok
test cognitive::working_memory::tests::test_is_memory_item_relevant_to_attention ... ok
test cognitive::working_memory::tests::test_memory_buffers_creation ... ok
test cognitive::working_memory::tests::test_memory_content_types ... ok
test cognitive::working_memory::tests::test_search_buffer ... ok
test core::activation_engine::tests::integration_tests::test_complex_network_integration ... ok
test core::activation_engine::tests::integration_tests::test_state_management ... ok
test core::activation_engine::tests::integration_tests::test_statistics_collection ... ok
test core::activation_engine::tests::processor_tests::test_apply_inhibitory_connections_happy_path ... ok
test core::activation_engine::tests::processor_tests::test_apply_inhibitory_connections_negative_activation ... ok
test core::activation_engine::tests::processor_tests::test_apply_inhibitory_connections_zero_activation ... ok
test core::activation_engine::tests::processor_tests::test_apply_temporal_decay_disconnected_entities ... ok
test core::activation_engine::tests::processor_tests::test_apply_temporal_decay_happy_path ... ok
test core::activation_engine::tests::processor_tests::test_apply_temporal_decay_input_entities_unchanged ... ok
test core::activation_engine::tests::processor_tests::test_has_converged_false ... ok
test core::activation_engine::tests::processor_tests::test_has_converged_new_activations ... ok
test core::activation_engine::tests::processor_tests::test_has_converged_true ... ok
test core::activation_engine::tests::processor_tests::test_process_logic_gates_empty_inputs ... ok
test core::activation_engine::tests::processor_tests::test_process_logic_gates_happy_path ... ok
test core::activation_engine::tests::processor_tests::test_update_entity_activations_disconnected_network ... ok
test core::activation_engine::tests::processor_tests::test_update_entity_activations_empty_patterns ... ok
test core::activation_engine::tests::processor_tests::test_update_entity_activations_happy_path ... ok
test core::activation_engine::tests::propagation_edge_cases::test_propagate_activation_cycle_detection ... ok
test core::activation_engine::tests::propagation_edge_cases::test_propagate_activation_infinity_input ... ok
test core::activation_engine::tests::propagation_edge_cases::test_propagate_activation_invalid_input ... ok
test core::activation_engine::tests::propagation_edge_cases::test_propagate_activation_max_iterations ... ok
test core::activation_engine::tests::propagation_edge_cases::test_propagate_activation_memory_limit ... ok
test core::activation_engine::tests::test_activation_engine_creation ... ok
test core::activation_engine::tests::test_inhibitory_connections ... ok
test core::activation_engine::tests::test_simple_activation_propagation ... ok
test core::brain_enhanced_graph::brain_advanced_ops::tests::test_calculate_embedding_similarity_different_lengths ... ok
test core::brain_enhanced_graph::brain_advanced_ops::tests::test_calculate_embedding_similarity_identical ... ok
test core::brain_enhanced_graph::brain_advanced_ops::tests::test_calculate_embedding_similarity_normalized ... ok
test core::brain_enhanced_graph::brain_advanced_ops::tests::test_calculate_embedding_similarity_opposite ... ok
test core::brain_enhanced_graph::brain_advanced_ops::tests::test_calculate_embedding_similarity_orthogonal ... ok
test core::brain_enhanced_graph::brain_advanced_ops::tests::test_calculate_embedding_similarity_zero_norm ... ok
test core::brain_enhanced_graph::brain_advanced_ops::tests::test_create_inheritance_activation_clamping ... FAILED
test core::brain_enhanced_graph::brain_advanced_ops::tests::test_create_inheritance_basic ... FAILED
test core::brain_enhanced_graph::brain_advanced_ops::tests::test_create_inheritance_with_high_strength ... FAILED
test core::brain_enhanced_graph::brain_advanced_ops::tests::test_determine_entity_role_gate_from_connectivity ... FAILED
test core::brain_enhanced_graph::brain_advanced_ops::tests::test_determine_entity_role_gate_from_properties ... FAILED
test core::brain_enhanced_graph::brain_advanced_ops::tests::test_determine_entity_role_input_from_connectivity ... FAILED
test core::brain_enhanced_graph::brain_advanced_ops::tests::test_determine_entity_role_input_from_properties ... FAILED
test core::brain_enhanced_graph::brain_advanced_ops::tests::test_determine_entity_role_nonexistent_entity ... FAILED
test core::brain_enhanced_graph::brain_advanced_ops::tests::test_determine_entity_role_output_from_connectivity ... FAILED
test core::brain_enhanced_graph::brain_advanced_ops::tests::test_determine_entity_role_output_from_properties ... FAILED
test core::brain_enhanced_graph::brain_advanced_ops::tests::test_determine_entity_role_processing_fallback ... FAILED
test core::brain_enhanced_graph::brain_advanced_ops::tests::test_embedding_similarity_with_various_patterns ... ok
test core::brain_enhanced_graph::brain_advanced_ops::tests::test_entity_role_edge_cases ... FAILED
test core::brain_enhanced_graph::brain_advanced_ops::tests::test_inheritance_chain ... FAILED
test core::brain_enhanced_graph::brain_advanced_ops::tests::test_inheritance_with_negative_strength ... FAILED
test core::brain_enhanced_graph::brain_advanced_ops::tests::test_inheritance_with_zero_strength ... FAILED
test core::brain_enhanced_graph::brain_advanced_ops::tests::test_multiple_inheritance_relationships ... FAILED
test core::brain_enhanced_graph::brain_analytics::tests::test_activation_statistics_edge_cases ... FAILED
test core::brain_enhanced_graph::brain_analytics::tests::test_analyze_graph_patterns ... FAILED
test core::brain_enhanced_graph::brain_analytics::tests::test_analyze_graph_patterns_empty_graph ... ok
test core::brain_enhanced_graph::brain_analytics::tests::test_analyze_graph_patterns_hub_detection ... FAILED
test core::brain_enhanced_graph::brain_analytics::tests::test_analyze_graph_patterns_isolated_entities ... FAILED
test core::brain_enhanced_graph::brain_analytics::tests::test_betweenness_centrality_calculation ... FAILED
test core::brain_enhanced_graph::brain_analytics::tests::test_calculate_activation_distribution ... FAILED
test core::brain_enhanced_graph::brain_analytics::tests::test_calculate_activation_distribution_edge_values ... FAILED
test core::brain_enhanced_graph::brain_analytics::tests::test_calculate_activation_distribution_empty ... ok
test core::brain_enhanced_graph::brain_analytics::tests::test_calculate_average_clustering_coefficient ... FAILED
test core::brain_enhanced_graph::brain_analytics::tests::test_calculate_average_clustering_coefficient_empty_graph ... ok
test core::brain_enhanced_graph::brain_analytics::tests::test_calculate_average_clustering_coefficient_single_entity ... FAILED
test core::brain_enhanced_graph::brain_analytics::tests::test_calculate_average_concept_coherence ... FAILED
test core::brain_enhanced_graph::brain_analytics::tests::test_calculate_average_concept_coherence_empty ... ok
test core::brain_enhanced_graph::brain_analytics::tests::test_calculate_average_concept_coherence_multiple_concepts ... ok
test core::brain_enhanced_graph::brain_analytics::tests::test_calculate_average_path_length ... FAILED
test core::brain_enhanced_graph::brain_analytics::tests::test_calculate_average_path_length_empty_graph ... ok
test core::brain_enhanced_graph::brain_analytics::tests::test_calculate_average_path_length_single_entity ... FAILED
test core::brain_enhanced_graph::brain_analytics::tests::test_clustering_coefficient_triangle_detection ... FAILED
test core::brain_enhanced_graph::brain_analytics::tests::test_concept_structure_validation ... ok
test core::brain_enhanced_graph::brain_analytics::tests::test_get_brain_statistics_empty_graph ... ok
test core::brain_enhanced_graph::brain_analytics::tests::test_get_brain_statistics_with_entities ... FAILED
test core::brain_enhanced_graph::brain_analytics::tests::test_graph_pattern_analysis_most_common_degree ... ok
test core::brain_enhanced_graph::brain_analytics::tests::test_graph_pattern_analysis_scale_free_detection ... FAILED
test core::brain_enhanced_graph::brain_analytics::tests::test_path_length_calculation_accuracy ... FAILED
test core::brain_enhanced_graph::brain_analytics::tests::test_performance_with_large_activation_set ... ok
test core::brain_enhanced_graph::brain_analytics::tests::test_statistics_mathematical_validation ... FAILED
test core::brain_enhanced_graph::brain_entity_manager::tests::edge_cases_tests::test_concurrent_entity_operations ... FAILED
test core::brain_enhanced_graph::brain_entity_manager::tests::edge_cases_tests::test_extremely_long_properties ... FAILED
test core::brain_enhanced_graph::brain_entity_manager::tests::edge_cases_tests::test_large_embedding_entity ... FAILED
test core::brain_enhanced_graph::brain_entity_manager::tests::edge_cases_tests::test_malformed_properties_json ... FAILED
test core::brain_enhanced_graph::brain_entity_manager::tests::edge_cases_tests::test_zero_embedding_entity ... FAILED
test core::brain_enhanced_graph::brain_entity_manager::tests::entity_lifecycle_tests::test_batch_entity_operations ... FAILED
test core::brain_enhanced_graph::brain_entity_manager::tests::entity_lifecycle_tests::test_complete_entity_lifecycle ... FAILED
test core::brain_enhanced_graph::brain_entity_manager::tests::entity_statistics_tests::test_entity_statistics_activation_range ... ok
test core::brain_enhanced_graph::brain_entity_manager::tests::entity_statistics_tests::test_entity_statistics_empty ... FAILED
test core::brain_enhanced_graph::brain_entity_manager::tests::entity_statistics_tests::test_entity_statistics_is_well_distributed ... ok
test core::brain_enhanced_graph::brain_entity_manager::tests::entity_statistics_tests::test_entity_statistics_most_common_type ... ok
test core::brain_enhanced_graph::brain_entity_manager::tests::entity_statistics_tests::test_entity_statistics_with_entities ... FAILED
test core::brain_enhanced_graph::brain_entity_manager::tests::get_entity_tests::test_get_entity_exists ... FAILED
test core::brain_enhanced_graph::brain_entity_manager::tests::get_entity_tests::test_get_entity_nonexistent ... ok
test core::brain_enhanced_graph::brain_entity_manager::tests::get_entity_tests::test_get_entity_with_activation ... FAILED
test core::brain_enhanced_graph::brain_entity_manager::tests::insert_brain_entity_tests::test_insert_brain_entity_basic ... FAILED
test core::brain_enhanced_graph::brain_entity_manager::tests::insert_brain_entity_tests::test_insert_brain_entity_updates_statistics ... FAILED
test core::brain_enhanced_graph::brain_entity_manager::tests::insert_brain_entity_tests::test_insert_brain_entity_with_importance ... FAILED
test core::brain_enhanced_graph::brain_entity_manager::tests::insert_brain_entity_tests::test_insert_brain_entity_with_no_properties ... FAILED
test core::brain_enhanced_graph::brain_entity_manager::tests::insert_brain_entity_tests::test_insert_brain_entity_with_properties ... FAILED
test core::brain_enhanced_graph::brain_entity_manager::tests::insert_brain_entity_tests::test_insert_multiple_brain_entities ... FAILED
test core::brain_enhanced_graph::brain_entity_manager::tests::insert_logic_gate_tests::test_insert_logic_gate_and ... FAILED
test core::brain_enhanced_graph::brain_entity_manager::tests::insert_logic_gate_tests::test_insert_logic_gate_no_inputs ... FAILED
test core::brain_enhanced_graph::brain_entity_manager::tests::insert_logic_gate_tests::test_insert_logic_gate_no_outputs ... FAILED
test core::brain_enhanced_graph::brain_entity_manager::tests::insert_logic_gate_tests::test_insert_logic_gate_not ... FAILED
test core::brain_enhanced_graph::brain_entity_manager::tests::insert_logic_gate_tests::test_insert_logic_gate_or ... FAILED
test core::brain_enhanced_graph::brain_entity_manager::tests::private_method_tests::test_apply_hebbian_learning ... FAILED
test core::brain_enhanced_graph::brain_entity_manager::tests::private_method_tests::test_calculate_initial_activation_basic ... ok
test core::brain_enhanced_graph::brain_entity_manager::tests::private_method_tests::test_calculate_initial_activation_empty_embedding ... FAILED
test core::brain_enhanced_graph::brain_entity_manager::tests::private_method_tests::test_calculate_initial_activation_with_importance ... ok
test core::brain_enhanced_graph::brain_entity_manager::tests::private_method_tests::test_generate_gate_embedding_basic ... FAILED
test core::brain_enhanced_graph::brain_entity_manager::tests::private_method_tests::test_generate_gate_embedding_different_types ... FAILED
test core::brain_enhanced_graph::brain_entity_manager::tests::private_method_tests::test_generate_property_embedding ... ok
test core::brain_enhanced_graph::brain_entity_manager::tests::private_method_tests::test_generate_property_embedding_empty ... ok
test core::brain_enhanced_graph::brain_entity_manager::tests::private_method_tests::test_hash_string_consistency ... ok
test core::brain_enhanced_graph::brain_entity_manager::tests::private_method_tests::test_trigger_concept_formation ... FAILED
test core::brain_enhanced_graph::brain_entity_manager::tests::remove_brain_entity_tests::test_remove_brain_entity_clears_activation ... FAILED
test core::brain_enhanced_graph::brain_entity_manager::tests::remove_brain_entity_tests::test_remove_brain_entity_clears_synaptic_weights ... FAILED
test core::brain_enhanced_graph::brain_entity_manager::tests::remove_brain_entity_tests::test_remove_brain_entity_exists ... FAILED
test core::brain_enhanced_graph::brain_entity_manager::tests::remove_brain_entity_tests::test_remove_brain_entity_nonexistent ... ok
test core::brain_enhanced_graph::brain_entity_manager::tests::remove_brain_entity_tests::test_remove_brain_entity_updates_concept_structures ... FAILED
test core::brain_enhanced_graph::brain_entity_manager::tests::remove_brain_entity_tests::test_remove_brain_entity_updates_statistics ... FAILED
test core::brain_enhanced_graph::brain_entity_manager::tests::update_entity_activation_tests::test_update_entity_activation_boundary_values ... FAILED
test core::brain_enhanced_graph::brain_entity_manager::tests::update_entity_activation_tests::test_update_entity_activation_invalid_levels ... FAILED
test core::brain_enhanced_graph::brain_entity_manager::tests::update_entity_activation_tests::test_update_entity_activation_nonexistent ... ok
test core::brain_enhanced_graph::brain_entity_manager::tests::update_entity_activation_tests::test_update_entity_activation_updates_stats ... FAILED
test core::brain_enhanced_graph::brain_entity_manager::tests::update_entity_activation_tests::test_update_entity_activation_valid ... FAILED
test core::brain_enhanced_graph::brain_graph_core::tests::test_activation_spread_simulation ... FAILED
test core::brain_enhanced_graph::brain_graph_core::tests::test_brain_enhanced_integration ... ok
test core::brain_enhanced_graph::brain_graph_core::tests::test_brain_memory_usage_calculation ... ok
test core::brain_enhanced_graph::brain_graph_core::tests::test_component_coordination ... ok
test core::brain_enhanced_graph::brain_graph_core::tests::test_concept_structure_management ... ok
test core::brain_enhanced_graph::brain_graph_core::tests::test_concept_structure_removal ... ok
test core::brain_enhanced_graph::brain_graph_core::tests::test_concurrent_operations ... ok
test core::brain_enhanced_graph::brain_graph_core::tests::test_config_update ... ok
test core::brain_enhanced_graph::brain_graph_core::tests::test_config_update_with_invalid_config ... ok
test core::brain_enhanced_graph::brain_graph_core::tests::test_edge_case_entity_keys ... ok
test core::brain_enhanced_graph::brain_graph_core::tests::test_get_concept_names ... ok
test core::brain_enhanced_graph::brain_graph_core::tests::test_get_entity_activation_existing_entity ... ok
test core::brain_enhanced_graph::brain_graph_core::tests::test_get_entity_activation_nonexistent_entity ... ok
test core::brain_enhanced_graph::brain_graph_core::tests::test_get_health_metrics ... ok
test core::brain_enhanced_graph::brain_graph_core::tests::test_learning_statistics_management ... ok
test core::brain_enhanced_graph::brain_graph_core::tests::test_memory_usage_calculation ... ok
test core::brain_enhanced_graph::brain_graph_core::tests::test_new_async_creates_valid_brain_graph ... ok
test core::brain_enhanced_graph::brain_graph_core::tests::test_new_creates_valid_brain_graph ... ok
test core::brain_enhanced_graph::brain_graph_core::tests::test_new_for_test_creates_valid_test_graph ... ok
test core::brain_enhanced_graph::brain_graph_core::tests::test_new_with_config_invalid_configuration ... ok
test core::brain_enhanced_graph::brain_graph_core::tests::test_new_with_config_valid_configuration ... ok
test core::brain_enhanced_graph::brain_graph_core::tests::test_new_with_invalid_embedding_dimension ... FAILED
test core::brain_enhanced_graph::brain_graph_core::tests::test_private_component_initialization ... ok
test core::brain_enhanced_graph::brain_graph_core::tests::test_query_cache_management ... ok
test core::brain_enhanced_graph::brain_graph_core::tests::test_reset_clears_all_state ... ok
test core::brain_enhanced_graph::brain_graph_core::tests::test_sdr_configuration_integration ... ok
test core::brain_enhanced_graph::brain_graph_core::tests::test_set_entity_activation_clamping ... ok
test core::brain_enhanced_graph::brain_graph_core::tests::test_set_entity_activation_concurrent_access ... ok
test core::brain_enhanced_graph::brain_graph_core::tests::test_set_entity_activation_valid_values ... ok
test core::brain_enhanced_graph::brain_graph_core::tests::test_stress_activation_operations ... ok
test core::brain_enhanced_graph::brain_graph_core::tests::test_synaptic_weight_management ... ok
test core::brain_enhanced_graph::brain_graph_core::tests::test_validate_consistency_with_invalid_activations ... ok
test core::brain_enhanced_graph::brain_graph_core::tests::test_validate_consistency_with_nonexistent_entities ... ok
test core::brain_enhanced_graph::brain_graph_core::tests::test_validate_consistency_with_valid_state ... ok
test core::brain_enhanced_graph::brain_graph_types::tests::activation_config_tests::test_default_activation_config ... ok
test core::brain_enhanced_graph::brain_graph_types::tests::activation_stats_tests::test_activation_stats_creation ... ok
test core::brain_enhanced_graph::brain_graph_types::tests::brain_enhanced_config_tests::test_default_config ... ok
test core::brain_enhanced_graph::brain_graph_types::tests::brain_enhanced_config_tests::test_exploratory_config ... ok
test core::brain_enhanced_graph::brain_graph_types::tests::brain_enhanced_config_tests::test_for_testing_config ... ok
test core::brain_enhanced_graph::brain_graph_types::tests::brain_enhanced_config_tests::test_high_performance_config ... ok
test core::brain_enhanced_graph::brain_graph_types::tests::brain_enhanced_config_tests::test_validate_edge_case_values ... ok
test core::brain_enhanced_graph::brain_graph_types::tests::brain_enhanced_config_tests::test_validate_invalid_activation_threshold_negative ... ok
test core::brain_enhanced_graph::brain_graph_types::tests::brain_enhanced_config_tests::test_validate_invalid_activation_threshold_too_high ... ok
test core::brain_enhanced_graph::brain_graph_types::tests::brain_enhanced_config_tests::test_validate_invalid_learning_rate_too_high ... ok
test core::brain_enhanced_graph::brain_graph_types::tests::brain_enhanced_config_tests::test_validate_invalid_learning_rate_zero ... ok
test core::brain_enhanced_graph::brain_graph_types::tests::brain_enhanced_config_tests::test_validate_invalid_max_activation_spread_zero ... ok
test core::brain_enhanced_graph::brain_graph_types::tests::brain_enhanced_config_tests::test_validate_invalid_neural_dampening_too_high ... ok
test core::brain_enhanced_graph::brain_graph_types::tests::brain_enhanced_config_tests::test_validate_invalid_neural_dampening_zero ... ok
test core::brain_enhanced_graph::brain_graph_types::tests::brain_enhanced_config_tests::test_validate_valid_config ... ok
test core::brain_enhanced_graph::brain_graph_types::tests::brain_query_result_tests::test_add_entity ... ok
test core::brain_enhanced_graph::brain_graph_types::tests::brain_query_result_tests::test_add_entity_with_negative_activation ... ok
test core::brain_enhanced_graph::brain_graph_types::tests::brain_query_result_tests::test_add_entity_with_zero_activation ... ok
test core::brain_enhanced_graph::brain_graph_types::tests::brain_query_result_tests::test_default_query_result ... ok
test core::brain_enhanced_graph::brain_graph_types::tests::brain_query_result_tests::test_entity_count ... ok
test core::brain_enhanced_graph::brain_graph_types::tests::brain_query_result_tests::test_get_activation_nonexistent ... ok
test core::brain_enhanced_graph::brain_graph_types::tests::brain_query_result_tests::test_get_average_activation ... ok
test core::brain_enhanced_graph::brain_graph_types::tests::brain_query_result_tests::test_get_average_activation_empty ... ok
test core::brain_enhanced_graph::brain_graph_types::tests::brain_query_result_tests::test_get_entities_above_threshold ... ok
test core::brain_enhanced_graph::brain_graph_types::tests::brain_query_result_tests::test_get_entities_above_threshold_none ... ok
test core::brain_enhanced_graph::brain_graph_types::tests::brain_query_result_tests::test_get_sorted_entities ... ok
test core::brain_enhanced_graph::brain_graph_types::tests::brain_query_result_tests::test_get_sorted_entities_empty ... ok
test core::brain_enhanced_graph::brain_graph_types::tests::brain_query_result_tests::test_get_top_k ... ok
test core::brain_enhanced_graph::brain_graph_types::tests::brain_query_result_tests::test_get_top_k_empty ... ok
test core::brain_enhanced_graph::brain_graph_types::tests::brain_query_result_tests::test_is_empty ... ok
test core::brain_enhanced_graph::brain_graph_types::tests::brain_query_result_tests::test_new_query_result ... ok
test core::brain_enhanced_graph::brain_graph_types::tests::brain_statistics_tests::test_default_brain_statistics ... ok
test core::brain_enhanced_graph::brain_graph_types::tests::brain_statistics_tests::test_get_activation_stats ... ok
test core::brain_enhanced_graph::brain_graph_types::tests::brain_statistics_tests::test_get_connectivity_stats ... ok
test core::brain_enhanced_graph::brain_graph_types::tests::brain_statistics_tests::test_get_most_central_entities ... ok
test core::brain_enhanced_graph::brain_graph_types::tests::brain_statistics_tests::test_get_most_central_entities_empty ... ok
test core::brain_enhanced_graph::brain_graph_types::tests::brain_statistics_tests::test_get_most_central_entities_more_than_available ... ok
test core::brain_enhanced_graph::brain_graph_types::tests::brain_statistics_tests::test_graph_health_score ... ok
test core::brain_enhanced_graph::brain_graph_types::tests::brain_statistics_tests::test_graph_health_score_zero ... ok
test core::brain_enhanced_graph::brain_graph_types::tests::brain_statistics_tests::test_is_well_connected_long_path ... ok
test core::brain_enhanced_graph::brain_graph_types::tests::brain_statistics_tests::test_is_well_connected_low_clustering ... ok
test core::brain_enhanced_graph::brain_graph_types::tests::brain_statistics_tests::test_is_well_connected_low_density ... ok
test core::brain_enhanced_graph::brain_graph_types::tests::brain_statistics_tests::test_is_well_connected_valid ... ok
test core::brain_enhanced_graph::brain_graph_types::tests::brain_statistics_tests::test_new_brain_statistics ... ok
test core::brain_enhanced_graph::brain_graph_types::tests::concept_structure_tests::test_activation_density ... ok
test core::brain_enhanced_graph::brain_graph_types::tests::concept_structure_tests::test_activation_density_empty ... ok
test core::brain_enhanced_graph::brain_graph_types::tests::concept_structure_tests::test_activation_density_zero_activation ... ok
test core::brain_enhanced_graph::brain_graph_types::tests::concept_structure_tests::test_add_gate ... ok
test core::brain_enhanced_graph::brain_graph_types::tests::concept_structure_tests::test_add_input ... ok
test core::brain_enhanced_graph::brain_graph_types::tests::concept_structure_tests::test_add_output ... ok
test core::brain_enhanced_graph::brain_graph_types::tests::concept_structure_tests::test_default_concept_structure ... ok
test core::brain_enhanced_graph::brain_graph_types::tests::concept_structure_tests::test_get_all_entities ... ok
test core::brain_enhanced_graph::brain_graph_types::tests::concept_structure_tests::test_get_all_entities_empty ... ok
test core::brain_enhanced_graph::brain_graph_types::tests::concept_structure_tests::test_is_well_formed_low_coherence ... ok
test core::brain_enhanced_graph::brain_graph_types::tests::concept_structure_tests::test_is_well_formed_no_inputs ... ok
test core::brain_enhanced_graph::brain_graph_types::tests::concept_structure_tests::test_is_well_formed_no_outputs ... ok
test core::brain_enhanced_graph::brain_graph_types::tests::concept_structure_tests::test_is_well_formed_valid ... ok
test core::brain_enhanced_graph::brain_graph_types::tests::concept_structure_tests::test_new_concept_structure ... ok
test core::brain_enhanced_graph::brain_graph_types::tests::concept_structure_tests::test_total_entities ... ok
test core::brain_enhanced_graph::brain_graph_types::tests::connectivity_stats_tests::test_connectivity_stats_creation ... ok
test core::brain_enhanced_graph::brain_graph_types::tests::enum_tests::test_activation_pattern_variants ... ok
test core::brain_enhanced_graph::brain_graph_types::tests::enum_tests::test_learning_mode_variants ... ok
test core::brain_enhanced_graph::brain_graph_types::tests::enum_tests::test_query_mode_variants ... ok
test core::brain_enhanced_graph::brain_graph_types::tests::graph_health_metrics_tests::test_get_health_report_healthy ... ok
test core::brain_enhanced_graph::brain_graph_types::tests::graph_health_metrics_tests::test_get_health_report_unhealthy ... ok
test core::brain_enhanced_graph::brain_graph_types::tests::graph_health_metrics_tests::test_is_healthy_low_activation_balance ... ok
test core::brain_enhanced_graph::brain_graph_types::tests::graph_health_metrics_tests::test_is_healthy_low_connectivity ... ok
test core::brain_enhanced_graph::brain_graph_types::tests::graph_health_metrics_tests::test_is_healthy_low_learning_stability ... ok
test core::brain_enhanced_graph::brain_graph_types::tests::graph_health_metrics_tests::test_is_healthy_low_overall_health ... ok
test core::brain_enhanced_graph::brain_graph_types::tests::graph_health_metrics_tests::test_is_healthy_valid ... ok
test core::brain_enhanced_graph::brain_graph_types::tests::integration_tests::test_brain_query_result_with_concept_structure ... ok
test core::brain_enhanced_graph::brain_graph_types::tests::integration_tests::test_config_validation_with_activation_config ... ok
test core::brain_enhanced_graph::brain_graph_types::tests::integration_tests::test_statistics_health_integration ... FAILED
test core::brain_enhanced_graph::brain_query_engine::tests::test_activate_concept_empty_name ... ok
test core::brain_enhanced_graph::brain_query_engine::tests::test_activate_concept_nonexistent ... ok
test core::brain_enhanced_graph::brain_query_engine::tests::test_activation_propagation_depth_limit ... FAILED
test core::brain_enhanced_graph::brain_query_engine::tests::test_apply_neural_dampening_empty ... ok
test core::brain_enhanced_graph::brain_query_engine::tests::test_apply_neural_dampening_with_plasticity ... ok
test core::brain_enhanced_graph::brain_query_engine::tests::test_apply_neural_dampening_without_plasticity ... FAILED
test core::brain_enhanced_graph::brain_query_engine::tests::test_calculate_concept_embedding_empty_concept ... FAILED
test core::brain_enhanced_graph::brain_query_engine::tests::test_calculate_concept_embedding_with_entities ... FAILED
test core::brain_enhanced_graph::brain_query_engine::tests::test_constrained_query_invalid_range ... FAILED
test core::brain_enhanced_graph::brain_query_engine::tests::test_constrained_query_no_entities_in_range ... FAILED
test core::brain_enhanced_graph::brain_query_engine::tests::test_find_entity_by_concept_nonexistent ... ok
test core::brain_enhanced_graph::brain_query_engine::tests::test_find_entity_by_concept_zero_k ... ok
test core::brain_enhanced_graph::brain_query_engine::tests::test_generate_cache_key_consistency ... ok
test core::brain_enhanced_graph::brain_query_engine::tests::test_generate_cache_key_different_embeddings ... ok
test core::brain_enhanced_graph::brain_query_engine::tests::test_generate_cache_key_different_k ... ok
test core::brain_enhanced_graph::brain_query_engine::tests::test_get_query_stats_empty ... ok
test core::brain_enhanced_graph::brain_query_engine::tests::test_hybrid_query_basic ... FAILED
test core::brain_enhanced_graph::brain_query_engine::tests::test_hybrid_query_empty_inputs ... ok
test core::brain_enhanced_graph::brain_query_engine::tests::test_multi_modal_query_with_nonexistent_concept ... FAILED
test core::brain_enhanced_graph::brain_query_engine::tests::test_multi_modal_query_without_concept ... FAILED
test core::brain_enhanced_graph::brain_query_engine::tests::test_neural_query_basic_functionality ... FAILED
test core::brain_enhanced_graph::brain_query_engine::tests::test_neural_query_caching ... FAILED
test core::brain_enhanced_graph::brain_query_engine::tests::test_neural_query_empty_embedding ... ok
test core::brain_enhanced_graph::brain_query_engine::tests::test_neural_query_zero_k ... FAILED
test core::brain_enhanced_graph::brain_query_engine::tests::test_propagate_activation_above_threshold ... FAILED
test core::brain_enhanced_graph::brain_query_engine::tests::test_propagate_activation_below_threshold ... ok
test core::brain_enhanced_graph::brain_query_engine::tests::test_propagate_activation_empty_initial ... ok
test core::brain_enhanced_graph::brain_query_engine::tests::test_query_statistics_edge_cases ... ok
test core::brain_enhanced_graph::brain_query_engine::tests::test_query_statistics_methods ... ok
test core::brain_enhanced_graph::brain_query_engine::tests::test_query_statistics_unhealthy_conditions ... ok
test core::brain_enhanced_graph::brain_query_engine::tests::test_sdr_query_basic ... ok
test core::brain_enhanced_graph::brain_query_engine::tests::test_sdr_query_empty_string ... ok
test core::brain_enhanced_graph::brain_query_engine::tests::test_sdr_query_zero_k ... ok
test core::brain_enhanced_graph::brain_relationship_manager::tests::test_calculate_path_weight_empty_path ... ok
test core::brain_enhanced_graph::brain_relationship_manager::tests::test_calculate_path_weight_simple_path ... ok
test core::brain_enhanced_graph::brain_relationship_manager::tests::test_calculate_path_weight_single_entity ... ok
test core::brain_enhanced_graph::brain_relationship_manager::tests::test_concurrent_relationship_operations ... ok
test core::brain_enhanced_graph::brain_relationship_manager::tests::test_create_learned_relationship_with_co_activated_entities ... FAILED
test core::brain_enhanced_graph::brain_relationship_manager::tests::test_create_learned_relationship_with_hebbian_learning_disabled ... ok
test core::brain_enhanced_graph::brain_relationship_manager::tests::test_create_learned_relationship_with_non_co_activated_entities ... ok
test core::brain_enhanced_graph::brain_relationship_manager::tests::test_create_learned_relationship_with_threshold_edge_case ... FAILED
test core::brain_enhanced_graph::brain_relationship_manager::tests::test_edge_case_zero_activations ... ok
test core::brain_enhanced_graph::brain_relationship_manager::tests::test_generate_path_signature_consistency ... ok
test core::brain_enhanced_graph::brain_relationship_manager::tests::test_get_neighbors_with_weights_no_neighbors ... ok
test core::brain_enhanced_graph::brain_relationship_manager::tests::test_get_neighbors_with_weights_sorted_order ... ok
test core::brain_enhanced_graph::brain_relationship_manager::tests::test_is_bridge_entity_false_case ... ok
test core::brain_enhanced_graph::brain_relationship_manager::tests::test_is_bridge_entity_insufficient_neighbors ... ok
test core::brain_enhanced_graph::brain_relationship_manager::tests::test_is_bridge_entity_true_case ... ok
test core::brain_enhanced_graph::brain_relationship_manager::tests::test_learning_algorithm_hebbian_weight_calculation ... FAILED
test core::brain_enhanced_graph::brain_relationship_manager::tests::test_relationship_pattern_detection ... FAILED
test core::brain_enhanced_graph::brain_relationship_manager::tests::test_relationship_statistics_calculation ... ok
test core::brain_enhanced_graph::brain_relationship_manager::tests::test_strengthen_relationship_existing_relationship ... ok
test core::brain_enhanced_graph::brain_relationship_manager::tests::test_strengthen_relationship_nonexistent_relationship ... FAILED
test core::brain_enhanced_graph::brain_relationship_manager::tests::test_strengthen_relationship_weight_clamping ... ok
test core::brain_enhanced_graph::brain_relationship_manager::tests::test_synaptic_weight_management_internal ... FAILED
test core::brain_enhanced_graph::brain_relationship_manager::tests::test_weaken_relationship_existing_relationship ... ok
test core::brain_enhanced_graph::brain_relationship_manager::tests::test_weaken_relationship_nonexistent_relationship ... ok
test core::brain_enhanced_graph::brain_relationship_manager::tests::test_weaken_relationship_removes_very_weak_relationship ... ok
test core::brain_types::tests::test_activation_pattern_get_top_activations_empty ... ok
test core::brain_types::tests::test_activation_pattern_get_top_activations_limit_exceeded ... ok
test core::brain_types::tests::test_activation_pattern_get_top_activations_populated ... ok
test core::brain_types::tests::test_activation_pattern_new ... ok
test core::brain_types::tests::test_brain_inspired_entity_activate_accumulation ... ok
test core::brain_types::tests::test_brain_inspired_entity_activate_clamping ... ok
test core::brain_types::tests::test_brain_inspired_entity_activate_initial ... ok
test core::brain_types::tests::test_brain_inspired_entity_activate_temporal_updates ... ok
test core::brain_types::tests::test_brain_inspired_entity_activate_zero_decay ... ok
test core::brain_types::tests::test_brain_inspired_entity_extreme_activation_values ... FAILED
test core::brain_types::tests::test_brain_inspired_entity_new ... ok
test core::brain_types::tests::test_brain_inspired_relationship_apply_decay ... ok
test core::brain_types::tests::test_brain_inspired_relationship_extreme_learning_rates ... ok
test core::brain_types::tests::test_brain_inspired_relationship_new ... ok
test core::brain_types::tests::test_brain_inspired_relationship_strengthen_basic ... ok
test core::brain_types::tests::test_brain_inspired_relationship_strengthen_clamping ... ok
test core::brain_types::tests::test_brain_inspired_relationship_strengthen_multiple_calls ... ok
test core::brain_types::tests::test_brain_inspired_relationship_strengthen_negative_rate ... ok
test core::brain_types::tests::test_brain_inspired_relationship_strengthen_zero_rate ... ok
test core::brain_types::tests::test_enum_serialization_compatibility ... ok
test core::brain_types::tests::test_logic_gate_and_empty_inputs ... ok
test core::brain_types::tests::test_logic_gate_and_mismatch_inputs ... ok
test core::brain_types::tests::test_logic_gate_and_valid_inputs ... ok
test core::brain_types::tests::test_logic_gate_extreme_threshold_values ... ok
test core::brain_types::tests::test_logic_gate_identity_invalid_inputs ... ok
test core::brain_types::tests::test_logic_gate_identity_valid_inputs ... ok
test core::brain_types::tests::test_logic_gate_inhibitory_valid_inputs ... ok
test core::brain_types::tests::test_logic_gate_nand_valid_inputs ... ok
test core::brain_types::tests::test_logic_gate_new ... ok
test core::brain_types::tests::test_logic_gate_nor_valid_inputs ... ok
test core::brain_types::tests::test_logic_gate_not_invalid_inputs ... ok
test core::brain_types::tests::test_logic_gate_not_valid_inputs ... FAILED
test core::brain_types::tests::test_logic_gate_or_valid_inputs ... ok
test core::brain_types::tests::test_logic_gate_threshold_valid_inputs ... ok
test core::brain_types::tests::test_logic_gate_type_display ... ok
test core::brain_types::tests::test_logic_gate_weighted_invalid_inputs ... ok
test core::brain_types::tests::test_logic_gate_weighted_valid_inputs ... ok
test core::brain_types::tests::test_logic_gate_xnor_invalid_inputs ... ok
test core::brain_types::tests::test_logic_gate_xnor_valid_inputs ... ok
test core::brain_types::tests::test_logic_gate_xor_invalid_inputs ... ok
test core::brain_types::tests::test_logic_gate_xor_valid_inputs ... ok
test core::entity::tests::test_add_edge_unsupported_operation ... ok
test core::entity::tests::test_capacity_tracking ... ok
test core::entity::tests::test_concurrent_property_access_simulation ... ok
test core::entity::tests::test_contains_entity ... ok
test core::entity::tests::test_empty_properties ... ok
test core::entity::tests::test_encoded_size_calculation ... ok
test core::entity::tests::test_entity_insertion_basic ... ok
test core::entity::tests::test_entity_retrieval_basic ... ok
test core::entity::tests::test_entity_store_creation ... ok
test core::entity::tests::test_get_mut_functionality ... ok
test core::entity::tests::test_get_mut_nonexistent_entity ... ok
test core::entity::tests::test_get_properties_boundary_conditions ... FAILED
test core::entity::tests::test_get_properties_corrupted_offset ... ok
test core::entity::tests::test_get_properties_empty ... ok
test core::entity::tests::test_get_properties_with_invalid_utf8 ... ok
test core::entity::tests::test_insert_empty_properties ... ok
test core::entity::tests::test_insert_large_properties ... ok
test core::entity::tests::test_insert_multiple_entities_property_offsets ... FAILED
test core::entity::tests::test_insert_unicode_and_special_chars ... ok
test core::entity::tests::test_large_scale_operations ... ok
test core::entity::tests::test_memory_usage_calculation ... ok
test core::entity::tests::test_multiple_entities ... ok
test core::entity::tests::test_multiple_operations_sequence ... ok
test core::entity::tests::test_nonexistent_entity ... ok
test core::entity::tests::test_property_offset_consistency ... ok
test core::entity::tests::test_remove_entity ... ok
test core::entity::tests::test_remove_nonexistent_entity ... ok
test core::entity::tests::test_unicode_properties ... ok
test core::entity::tests::test_update_degree_basic ... ok
test core::entity::tests::test_update_degree_max_values ... FAILED
test core::entity::tests::test_update_degree_negative_edge_cases ... ok
test core::entity::tests::test_update_degree_nonexistent_entity ... ok
test core::entity::tests::test_update_degree_zero_delta ... ok
test core::entity::tests::test_update_entity ... ok
test core::entity::tests::test_update_nonexistent_entity ... ok
test core::entity_compat::tests::test_entity_add_attribute ... ok
test core::entity_compat::tests::test_entity_add_attribute_overwrite ... ok
test core::entity_compat::tests::test_entity_clone ... ok
test core::entity_compat::tests::test_entity_deserialize_invalid_data ... ok
test core::entity_compat::tests::test_entity_field_access ... ok
test core::entity_compat::tests::test_entity_get_attribute ... ok
test core::entity_compat::tests::test_entity_get_attribute_empty_key ... ok
test core::entity_compat::tests::test_entity_key_as_raw_from_raw ... ok
test core::entity_compat::tests::test_entity_key_as_u32 ... ok
test core::entity_compat::tests::test_entity_key_consistency ... ok
test core::entity_compat::tests::test_entity_key_from_hash ... ok
test core::entity_compat::tests::test_entity_key_from_hash_different_inputs ... ok
test core::entity_compat::tests::test_entity_key_from_id ... ok
test core::entity_compat::tests::test_entity_key_from_u32 ... ok
test core::entity_compat::tests::test_entity_key_get_original_id ... ok
test core::entity_compat::tests::test_entity_key_get_original_id_all_patterns ... ok
test core::entity_compat::tests::test_entity_key_id ... ok
test core::entity_compat::tests::test_entity_key_new ... ok
test core::entity_compat::tests::test_entity_key_new_empty_string ... ok
test core::entity_compat::tests::test_entity_key_new_long_string ... ok
test core::entity_compat::tests::test_entity_key_raw_edge_cases ... ok
test core::entity_compat::tests::test_entity_key_to_string ... ok
test core::entity_compat::tests::test_entity_key_with_unicode ... ok
test core::entity_compat::tests::test_entity_memory_usage ... ok
test core::entity_compat::tests::test_entity_memory_usage_with_attributes ... ok
test core::entity_compat::tests::test_entity_new ... ok
test core::entity_compat::tests::test_entity_new_with_empty_name ... ok
test core::entity_compat::tests::test_entity_new_with_long_name ... ok
test core::entity_compat::tests::test_entity_new_with_type ... ok
test core::entity_compat::tests::test_entity_new_with_type_empty_strings ... ok
test core::entity_compat::tests::test_entity_serialize_deserialize ... ok
test core::entity_compat::tests::test_entity_serialize_empty_entity ... ok
test core::entity_compat::tests::test_entity_set_key ... ok
test core::entity_compat::tests::test_entity_with_attributes ... ok
test core::entity_compat::tests::test_entity_with_attributes_empty_map ... ok
test core::entity_compat::tests::test_entity_with_attributes_large_map ... ok
test core::entity_compat::tests::test_entity_with_special_characters ... ok
test core::entity_compat::tests::test_memory_usage_calculation_accuracy ... ok
test core::entity_compat::tests::test_relationship_clone ... ok
test core::entity_compat::tests::test_relationship_new ... ok
test core::entity_compat::tests::test_relationship_new_empty_attributes ... ok
test core::entity_compat::tests::test_relationship_new_large_attributes ... ok
test core::entity_compat::tests::test_relationship_set_target ... ok
test core::entity_compat::tests::test_similarity_result_clone ... ok
test core::entity_compat::tests::test_similarity_result_extreme_values ... ok
test core::entity_compat::tests::test_similarity_result_new ... ok
test core::graph::compatibility::tests::test_backward_compatibility_batch_operations ... ok
test core::graph::compatibility::tests::test_embedding_normalization_edge_cases ... ok
test core::graph::compatibility::tests::test_generate_text_embedding_consistency ... ok
test core::graph::compatibility::tests::test_generate_text_embedding_different_texts ... ok
test core::graph::compatibility::tests::test_generate_text_embedding_long_text ... ok
test core::graph::compatibility::tests::test_get_neighbors_by_id_invalid_entity ... ok
test core::graph::compatibility::tests::test_get_neighbors_by_id_no_neighbors ... ok
test core::graph::compatibility::tests::test_get_neighbors_by_id_valid_entity ... ok
test core::graph::compatibility::tests::test_id_to_key_conversion_consistency ... ok
test core::graph::compatibility::tests::test_insert_entity_with_text_empty_string ... ok
test core::graph::compatibility::tests::test_insert_entity_with_text_normal ... ok
test core::graph::compatibility::tests::test_insert_entity_with_text_unicode ... ok
test core::graph::compatibility::tests::test_insert_relationship_by_id_both_invalid ... ok
test core::graph::compatibility::tests::test_insert_relationship_by_id_invalid_source ... ok
test core::graph::compatibility::tests::test_insert_relationship_by_id_invalid_target ... ok
test core::graph::compatibility::tests::test_insert_relationship_by_id_valid_entities ... ok
test core::graph::compatibility::tests::test_key_to_id_conversion_via_neighbors ... ok
test core::graph::compatibility::tests::test_legacy_api_bridge_consistency ... ok
test core::graph::compatibility::tests::test_legacy_entity_type_assignment ... ok
test core::graph::compatibility::tests::test_legacy_error_handling ... ok
test core::graph::compatibility::tests::test_legacy_property_empty_map ... ok
test core::graph::compatibility::tests::test_legacy_property_serialization ... ok
test core::graph::compatibility::tests::test_legacy_relationship_type_assignment ... ok
test core::graph::compatibility::tests::test_private_method_access_patterns ... ok
test core::graph::compatibility::tests::test_similarity_search_text_integration ... ok
test core::graph::compatibility::tests::test_text_embedding_chunking ... ok
test core::graph::entity_operations::tests::test_batch_vs_individual_insert_consistency ... ok
test core::graph::entity_operations::tests::test_concurrent_entity_operations ... ok
test core::graph::entity_operations::tests::test_contains_entity_key ... ok
test core::graph::entity_operations::tests::test_entity_lifecycle ... ok
test core::graph::entity_operations::tests::test_get_all_entity_ids ... ok
test core::graph::entity_operations::tests::test_get_all_entity_keys ... ok
test core::graph::entity_operations::tests::test_get_entity_by_id ... ok
test core::graph::entity_operations::tests::test_get_entity_data_only ... ok
test core::graph::entity_operations::tests::test_get_entity_embedding ... ok
test core::graph::entity_operations::tests::test_get_entity_meta_only ... ok
test core::graph::entity_operations::tests::test_get_entity_nonexistent ... ok
test core::graph::entity_operations::tests::test_get_entity_stats ... ok
test core::graph::entity_operations::tests::test_insert_entities_batch_empty ... ok
test core::graph::entity_operations::tests::test_insert_entities_batch_success ... ok
test core::graph::entity_operations::tests::test_insert_entities_batch_with_validation_error ... ok
test core::graph::entity_operations::tests::test_insert_entity_invalid_embedding_dimension ... ok
test core::graph::entity_operations::tests::test_insert_entity_success ... ok
test core::graph::entity_operations::tests::test_insert_entity_with_empty_properties ... ok
test core::graph::entity_operations::tests::test_remove_entity_cleanup ... ok
test core::graph::entity_operations::tests::test_remove_entity_nonexistent ... ok
test core::graph::entity_operations::tests::test_remove_entity_success ... ok
test core::graph::entity_operations::tests::test_update_entity_invalid_embedding_dimension ... ok
test core::graph::entity_operations::tests::test_update_entity_invalid_key ... ok
test core::graph::entity_operations::tests::test_update_entity_success ... ok
test core::graph::entity_operations::tests::test_validate_entity_data ... ok
test core::graph::graph_core::tests::test_bloom_filter_initialization_parameters ... ok
test core::graph::graph_core::tests::test_cache_operations ... ok
test core::graph::graph_core::tests::test_component_integration_consistency ... ok
test core::graph::graph_core::tests::test_concurrent_access_initialization ... ok
test core::graph::graph_core::tests::test_constants_are_reasonable ... ok
test core::graph::graph_core::tests::test_constructor_aliases ... ok
test core::graph::graph_core::tests::test_contains_entity_empty_graph ... ok
test core::graph::graph_core::tests::test_debug_implementation ... ok
test core::graph::graph_core::tests::test_edge_buffer_operations ... ok
test core::graph::graph_core::tests::test_entity_count_empty_graph ... ok
test core::graph::graph_core::tests::test_epoch_manager_access ... ok
test core::graph::graph_core::tests::test_epoch_manager_initialization ... ok
test core::graph::graph_core::tests::test_get_entity_id_empty_graph ... ok
test core::graph::graph_core::tests::test_get_entity_key_empty_graph ... ok
test core::graph::graph_core::tests::test_lsh_index_precision_target ... ok
test core::graph::graph_core::tests::test_memory_breakdown_default ... ok
test core::graph::graph_core::tests::test_memory_usage_bytes_per_entity ... ok
test core::graph::graph_core::tests::test_memory_usage_empty_graph ... ok
test core::graph::graph_core::tests::test_new_internal_component_initialization ... ok
test core::graph::graph_core::tests::test_new_internal_with_different_dimensions ... ok
test core::graph::graph_core::tests::test_new_internal_with_large_dimension ... ok
test core::graph::graph_core::tests::test_new_internal_with_valid_dimension ... ok
test core::graph::graph_core::tests::test_new_internal_with_zero_dimension ... ok
test core::graph::graph_core::tests::test_quantizer_initialization_with_subvectors ... ok
test core::graph::graph_core::tests::test_relationship_count_empty_graph ... ok
test core::graph::graph_core::tests::test_string_dictionary_size_empty ... ok
test core::graph::graph_core::tests::test_validate_embedding_dimension_correct ... ok
test core::graph::graph_core::tests::test_validate_embedding_dimension_incorrect ... ok
test core::interned_entity::tests::test_data_transformation_and_interning_algorithms ... ok
test core::interned_entity::tests::test_interned_entity_collection_add_entity_empty_properties ... ok
test core::interned_entity::tests::test_interned_entity_collection_add_entity_with_properties ... ok
test core::interned_entity::tests::test_interned_entity_collection_add_relationship_empty_properties ... ok
test core::interned_entity::tests::test_interned_entity_collection_add_relationship_with_properties ... ok
test core::interned_entity::tests::test_interned_entity_collection_export_sample_json_empty ... ok
test core::interned_entity::tests::test_interned_entity_collection_export_sample_json_with_limit ... ok
test core::interned_entity::tests::test_interned_entity_collection_find_by_property_found ... ok
test core::interned_entity::tests::test_interned_entity_collection_find_by_property_not_found ... ok
test core::interned_entity::tests::test_interned_entity_collection_find_by_tag_found ... ok
test core::interned_entity::tests::test_interned_entity_collection_find_by_tag_not_found ... ok
test core::interned_entity::tests::test_interned_entity_collection_get_all_property_keys ... ok
test core::interned_entity::tests::test_interned_entity_collection_get_all_property_keys_empty ... ok
test core::interned_entity::tests::test_interned_entity_collection_new ... FAILED
test core::interned_entity::tests::test_interned_entity_collection_stats_empty ... ok
test core::interned_entity::tests::test_interned_entity_collection_stats_with_entities ... ok
test core::interned_entity::tests::test_interned_entity_data_add_property_empty_strings ... ok
test core::interned_entity::tests::test_interned_entity_data_add_property_long_strings ... ok
test core::interned_entity::tests::test_interned_entity_data_add_property_overwrites ... ok
test core::interned_entity::tests::test_interned_entity_data_add_tag_duplicates ... ok
test core::interned_entity::tests::test_interned_entity_data_add_tag_empty ... ok
test core::interned_entity::tests::test_interned_entity_data_add_tag_long_strings ... ok
test core::interned_entity::tests::test_interned_entity_data_from_properties_empty ... ok
test core::interned_entity::tests::test_interned_entity_data_from_properties_with_data ... ok
test core::interned_entity::tests::test_interned_entity_data_memory_usage_calculation ... ok
test core::interned_entity::tests::test_interned_entity_data_new ... ok
test core::interned_entity::tests::test_interned_entity_data_set_category_empty ... FAILED
test core::interned_entity::tests::test_interned_entity_data_set_category_long ... ok
test core::interned_entity::tests::test_interned_entity_data_set_description_empty ... FAILED
test core::interned_entity::tests::test_interned_entity_data_set_description_long ... ok
test core::interned_entity::tests::test_interned_entity_data_to_json_empty ... FAILED
test core::interned_entity::tests::test_interned_entity_data_to_json_with_data ... ok
test core::interned_entity::tests::test_interned_relationship_add_property ... ok
test core::interned_entity::tests::test_interned_relationship_memory_usage ... ok
test core::interned_entity::tests::test_interned_relationship_new ... ok
test core::interned_entity::tests::test_memory_optimization_with_large_strings ... FAILED
test core::interned_entity::tests::test_private_data_structures_isolation ... ok
test core::interned_entity::tests::test_string_interning_optimization ... ok
test core::knowledge_engine::tests::test_add_entity_context ... ok
test core::knowledge_engine::tests::test_add_entity_context_duplicate ... ok
test core::knowledge_engine::tests::test_add_entity_context_with_type ... ok
test core::knowledge_engine::tests::test_evict_least_valuable_node ... ok
test core::knowledge_engine::tests::test_get_entity_relationships_as_object ... ok
test core::knowledge_engine::tests::test_get_entity_relationships_duplicate_removal ... ok
test core::knowledge_engine::tests::test_get_entity_relationships_empty ... ok
test core::knowledge_engine::tests::test_get_entity_relationships_max_hops_zero ... ok
test core::knowledge_engine::tests::test_get_entity_relationships_multi_hop ... ok
test core::knowledge_engine::tests::test_get_entity_relationships_single_hop ... ok
test core::knowledge_engine::tests::test_memory_management_under_pressure ... ok
test core::knowledge_engine::tests::test_query_triples_combined_filters ... ok
test core::knowledge_engine::tests::test_query_triples_confidence_filter ... ok
test core::knowledge_engine::tests::test_query_triples_empty_query ... ok
test core::knowledge_engine::tests::test_query_triples_limit ... ok
test core::knowledge_engine::tests::test_query_triples_no_matches ... ok
test core::knowledge_engine::tests::test_query_triples_object_filter ... ok
test core::knowledge_engine::tests::test_query_triples_performance ... FAILED
test core::knowledge_engine::tests::test_query_triples_predicate_filter ... ok
test core::knowledge_engine::tests::test_query_triples_subject_filter ... ok
test core::knowledge_engine::tests::test_remove_from_indexes ... ok
test core::knowledge_engine::tests::test_semantic_search_empty_query ... ok
test core::knowledge_engine::tests::test_semantic_search_limit ... ok
test core::knowledge_engine::tests::test_semantic_search_performance ... FAILED
test core::knowledge_engine::tests::test_semantic_search_with_stored_data ... ok
test core::knowledge_engine::tests::test_store_triple_basic ... ok
test core::knowledge_engine::tests::test_store_triple_large_batch ... ok
test core::knowledge_engine::tests::test_store_triple_memory_limit ... ok
test core::knowledge_engine::tests::test_store_triple_predicate_normalization ... ok
test core::knowledge_engine::tests::test_store_triple_with_embedding ... ok
test core::knowledge_engine::tests::test_track_pattern ... 